7[?47h)0[?25l[0;39;49m[H[1;1H[0;30;47mPuDB 2011.3 - ?:help  n:next  s:step into  b:breakpoint  o:output  t:run to cursor  !:python shell                                                             [2;1H[0;1;33;44m [0;31;44m [0;37;44m  1 [0;1;37;1;44mfrom[0;1;33;44m Cheetah.Parser [0;1;37;1;44mimport[0;1;33;44m Parser                                                                  [0;30;47m [0;30;4;47mV[0;30;47mariables:                                           [3;1H[0;1;33;44m [0;31;44m [0;37;44m  2 [0;1;33;44m                                                                                                   [0;30;47m [0;34;46margs: [0;30;46mtuple                                          [4;1H[0;1;33;44m [0;31;44m [0;37;44m  3 [0;1;33;44mDEBUG = True                                                                                       [0;30;47m [0;34;46mkwargs: [0;30;46mdict                                         [5;1H[0;1;33;44m [0;31;44m [0;37;44m  4 [0;1;33;44m                                                                                                   [0;30;47m [0;34;46mname: [0;30;46m'getExpressionParts'                           [6;1H[0;1;33;44m [0;31;44m [0;37;44m  5 [0;1;37;1;44mclass[0;1;33;44m [0;1;36;44mInstrumentedMethod[0;37;44m([0;1;33;44mobject[0;37;44m):[0;1;33;44m                                                                  [0;30;47m [0;34;46mpudb: [0;30;46m<module 'pudb' from '/nail/home/buck/mypy/lib/p[7;1H[0;1;33;44m [0;31;44m [0;37;44m  6 [0;1;33;44m        [0;1;37;1;44mdef[0;1;33;44m [0;1;36;44m__init__[0;37;44m([0;1;33;44mself[0;37;44m,[0;1;33;44m method[0;37;44m,[0;1;33;44m parent[0;37;44m):[0;1;33;44m                                                        [0;30;47m [0;30;46m  ython2.6/site-packages/pudb/__init__.pyc'>         [8;1H[0;1;33;44m [0;31;44m [0;37;44m  7 [0;1;33;44m                self.method = method                                                               [0;30;47m [0;34;46mself: [0;30;46mInstrumentedMethod                             [9;1H[0;1;33;44m [0;31;44m [0;37;44m  8 [0;1;33;44m                self.parent = parent                                                               [0;30;47m [0;34;46mstart_pos: [0;30;46m6                                         [10;1H[0;1;33;44m [0;31;44m [0;37;44m  9 [0;1;33;44m                                                                                                   [0;30;47m [0;30;46m                                                     [11;1H[0;1;33;44m [0;31;44m [0;37;44m 10 [0;1;33;44m        [0;1;37;1;44mdef[0;1;33;44m [0;1;36;44m__call__[0;37;44m([0;1;33;44mself[0;37;44m,[0;1;33;44m *args[0;37;44m,[0;1;33;44m **kwargs[0;37;44m):[0;1;33;44m                                                       [0;30;47m [0;30;46m                                                     [12;1H[0;1;33;44m [0;31;44m [0;37;44m 11 [0;1;33;44m                [0;37;44m# I want the data to be arranged in *call* order[0;1;33;44m                                   [0;30;47m [0;30;46m                                                     [13;1H[0;1;33;44m [0;31;44m [0;37;44m 12 [0;1;33;44m                start_pos = self.parent.pos[0;37;44m()[0;1;33;44m                                                      [0;30;47m [0;30;46m                                                     [14;1H[0;1;33;44m [0;31;44m [0;37;44m 13 [0;1;33;44m                name = self.method.__name__                                                        [0;30;47m [0;30;46m                                                     [15;1H[0;1;33;44m [0;31;44m [0;37;44m 14 [0;1;33;44m                                                                                                   [0;30;47m [0;30;46m                                                     [16;1H[0;1;33;44m [0;31;44m [0;37;44m 15 [0;1;33;44m                [0;1;37;1;44mif[0;1;33;44m name == [0;1;35;44m'getExpressionParts'[0;37;44m:[0;1;33;44m                                                   [0;30;47m [0;30;46m                                                     [17;1H[0;1;33;44m [0;31;44m [0;37;44m 16 [0;1;33;44m                        [0;1;37;1;44mimport[0;1;33;44m pudb[0;37;44m;[0;1;33;44m pudb.set_trace[0;37;44m()[0;1;33;44m                                              [0;30;47m [0;30;4;47mS[0;30;47mtack:                                               [18;1H[0;1;33;44m [0;31;44m [0;37;44m 17 [0;1;33;44m                                                                                                   [0;30;47m [0;1;37;1;46m>> __call__[0;34;46m [InstrumentedMethod][0;1;36;46m parse.py:18         [19;1H[0;1;33;44m>[0;31;44m [0;1;37;46m 18                 mydata = [start_pos, None, name]                                                   [0;30;47m [0;30;46m   getExpression[0;34;46m [InstrumentedParser][0;1;36;46m Parser.py:1210 [20;1H[0;1;33;44m [0;31;44m [0;37;44m 19 [0;1;33;44m                self.parent.data.append[0;37;44m([0;1;33;44mmydata[0;37;44m)[0;1;33;44m                                                    [0;30;47m [0;30;46m   __call__[0;34;46m [InstrumentedMethod][0;1;36;46m parse.py:20         [21;1H[0;1;33;44m [0;31;44m [0;37;44m 20 [0;1;33;44m                result = self.method[0;37;44m([0;1;33;44m*args[0;37;44m,[0;1;33;44m **kwargs[0;37;44m)[0;1;33;44m [0;37;44m# Call the wrapped method.[0;1;33;44m                   [0;30;47m [0;30;46m   eatSet[0;34;46m [InstrumentedParser][0;1;36;46m Parser.py:2157        [22;1H[0;1;33;44m [0;31;44m [0;37;44m 21 [0;1;33;44m                mydata[0;37;44m[[0;1;35;44m1[0;37;44m][0;1;33;44m = self.parent.pos[0;37;44m()[0;1;33;44m                                                      [0;30;47m [0;30;46m   __call__[0;34;46m [InstrumentedMethod][0;1;36;46m parse.py:20         [23;1H[0;1;33;44m [0;31;44m [0;37;44m 22 [0;1;33;44m                                                                                                   [0;30;47m [0;30;46m   eatDirective[0;34;46m [InstrumentedParser][0;1;36;46m Parser.py:1613  [24;1H[0;1;33;44m [0;31;44m [0;37;44m 23 [0;1;33;44m                [0;1;37;1;44mreturn[0;1;33;44m result                                                                      [0;30;47m [0;30;46m   __call__[0;34;46m [InstrumentedMethod][0;1;36;46m parse.py:20         [25;1H[0;1;33;44m [0;31;44m [0;37;44m 24 [0;1;33;44m                                                                                                   [0;30;47m [0;30;46m   parse[0;34;46m [InstrumentedParser][0;1;36;46m Parser.py:1489         [26;1H[0;1;33;44m [0;31;44m [0;37;44m 25 [0;1;37;1;44mclass[0;1;33;44m [0;1;36;44mAnyString[0;37;44m([0;1;33;44mstr[0;37;44m):[0;1;33;44m                                                                              [0;30;47m [0;30;46m   compile[0;34;46m [ModuleCompiler][0;1;36;46m Compiler.py:1687         [27;1H[0;1;33;44m [0;31;44m [0;37;44m 26 [0;1;33;44m        [0;1;35;44m'Represents "any string".'[0;1;33;44m                                                                 [0;30;47m [0;30;46m   parse[0;1;36;46m parse.py:149                                [28;1H[0;1;33;44m [0;31;44m [0;37;44m 27 [0;1;33;44m        [0;1;37;1;44mdef[0;1;33;44m [0;1;36;44mstartswith[0;37;44m([0;1;33;44mself[0;37;44m,[0;1;33;44m other[0;37;44m):[0;1;33;44m                                                               [0;30;47m [0;30;46m   parse[0;1;36;46m parse.py:5                                  [29;1H[0;1;33;44m [0;31;44m [0;37;44m 28 [0;1;33;44m                [0;1;37;1;44mreturn[0;1;33;44m True                                                                        [0;30;47m [0;30;46m   <module>[0;1;36;46m <string>:1                               [30;1H[0;1;33;44m [0;31;44m [0;37;44m 29 [0;1;33;44m        [0;1;37;1;44mdef[0;1;33;44m [0;1;36;44m__eq__[0;37;44m([0;1;33;44mself[0;37;44m,[0;1;33;44m other[0;37;44m):[0;1;33;44m                                                                   [0;30;47m [0;30;46m                                                     [31;1H[0;1;33;44m [0;31;44m [0;37;44m 30 [0;1;33;44m                [0;1;37;1;44mreturn[0;1;33;44m True                                                                        [0;30;47m [0;30;46m                                                     [32;1H[0;1;33;44m [0;31;44m [0;37;44m 31 [0;1;33;44m                                                                                                   [0;30;47m [0;30;4;47mB[0;30;47mreakpoints:                                         [33;1H[0;1;33;44m [0;31;44m [0;37;44m 32 [0;1;37;1;44mfrom[0;1;33;44m collections [0;1;37;1;44mimport[0;1;33;44m defaultdict                                                                [0;30;47m [0;30;46m                                                     [34;1H[0;1;33;44m [0;31;44m [0;37;44m 33 [0;1;37;1;44mclass[0;1;33;44m [0;1;36;44mAutoDict[0;37;44m([0;1;33;44mdefaultdict[0;37;44m):[0;1;33;44m                                                                       [0;30;47m [0;30;46m                                                     [35;1H[0;1;33;44m [0;31;44m [0;37;44m 34 [0;1;33;44m        [0;1;35;44m"Like defaultdict, but auto-populates for .get() as well."[0;1;33;44m                                 [0;30;47m [0;30;46m                                                     [36;1H[0;1;33;44m [0;31;44m [0;37;44m 35 [0;1;33;44m        no_default = [0;37;44m[][0;1;33;44m                                                                            [0;30;47m [0;30;46m                                                     [37;1H[0;1;33;44m [0;31;44m [0;37;44m 36 [0;1;33;44m        [0;1;37;1;44mdef[0;1;33;44m [0;1;36;44mget[0;37;44m([0;1;33;44mself[0;37;44m,[0;1;33;44m key[0;37;44m,[0;1;33;44m default=no_default[0;37;44m):[0;1;33;44m                                                    [0;30;47m [0;30;46m                                                     [38;1H[0;1;33;44m [0;31;44m [0;37;44m 37 [0;1;33;44m                [0;1;37;1;44mif[0;1;33;44m default is self.no_default[0;37;44m:[0;1;33;44m                                                     [0;30;47m [0;30;46m                                                     [39;1H[0;1;33;44m [0;31;44m [0;37;44m 38 [0;1;33;44m                        [0;1;37;1;44mreturn[0;1;33;44m self[0;37;44m[[0;1;33;44mkey[0;37;44m][0;1;33;44m                                                           [0;30;47m [0;30;46m                                                     [40;1H[0;1;33;44m [0;31;44m [0;37;44m 39 [0;1;33;44m                [0;1;37;1;44melse[0;37;44m:[0;1;33;44m                                                                              [0;30;47m [0;30;46m                                                     [41;1H[0;1;33;44m [0;31;44m [0;37;44m 40 [0;1;33;44m                        [0;1;37;1;44mreturn[0;1;33;44m super[0;37;44m([0;1;33;44mAutoDict[0;37;44m,[0;1;33;44m self[0;37;44m)[0;1;33;44m.get[0;37;44m([0;1;33;44mkey[0;37;44m,[0;1;33;44m default[0;37;44m)[0;1;33;44m                             [0;30;47m [0;30;46m                                                     [42;1H[0;1;33;44m [0;31;44m [0;37;44m 41 [0;1;33;44m                                                                                                   [0;30;47m [0;30;46m                                                     [43;1H[0;1;33;44m [0;31;44m [0;37;44m 42 [0;1;37;1;44mclass[0;1;33;44m [0;1;36;44mInstrumentedParser[0;37;44m([0;1;33;44mParser[0;37;44m):[0;1;33;44m                                                                  [0;30;47m [0;30;46m                                                     [44;1H[0;1;33;44m [0;31;44m [0;37;44m 43 [0;1;33;44m        dont_care_methods = [0;37;44m([0;1;33;44m                                                                      [0;30;47m [0;30;46m                                                     [45;1H[0;1;33;44m [0;31;44m [0;37;44m 44 [0;1;33;44m                        [0;1;35;44m'getc'[0;37;44m,[0;1;33;44m [0;1;35;44m'getRowCol'[0;37;44m,[0;1;33;44m [0;1;35;44m'getRowColLine'[0;37;44m,[0;1;33;44m [0;1;35;44m'getLine'[0;37;44m,[0;1;33;44m                           [0;30;47m [0;30;46m                                                    [0;30;46m[4h [4l[0;39;49m[?1002l[?1000l[?25h[?47l8
[?25h